// Vitest Snapshot v1, https://vitest.dev/guide/snapshot.html

exports[`Pagination component > renders number pages 1`] = `
<div>
  <div
    class="_pagination_e4c38a"
  >
    <div
      class="_bar_e4c38a"
    >
      <div
        class="_btn_e4c38a"
      >
        <button
          class=""
        >
          1
        </button>
      </div>
      <div
        class="_btn_e4c38a"
      >
        <button
          class=""
        >
          2
        </button>
      </div>
      <div
        class="_btn_e4c38a"
      >
        <button
          class=""
        >
          3
        </button>
      </div>
      <div
        class="_btn_e4c38a"
      >
        <button
          class=""
        >
          4
        </button>
      </div>
      <div
        class="_btn_e4c38a"
      >
        <button
          class="_active_e4c38a"
        >
          5
        </button>
      </div>
      <div
        class="_btn_e4c38a"
      >
        <button
          class=""
        >
          6
        </button>
      </div>
      <div
        class="_btn_e4c38a"
      >
        <button
          class=""
        >
          7
        </button>
      </div>
      <div
        class="_btn_e4c38a"
      >
        <button
          class=""
        >
          8
        </button>
      </div>
      <div
        class="_dot_e4c38a"
      >
        ...
      </div>
      <div
        class="_btn_e4c38a"
      >
        <button
          class=""
        >
          10
        </button>
      </div>
    </div>
  </div>
</div>
`;
